In invalid_3.m, line 3
| parfor ((i = 1:5))
|         ^ error: expected IDENTIFIER, found BRA instead
MISS_HIT Summary: 1 file(s) analysed, 1 error(s)
