----------------------------------------------------------------------
--  Parse tree for test.m
Root: Script_File
  Statements: Sequence_Of_Statements
    Statements: Simple_Assignment_Statement
      LHS: Identifier <c>
      RHS: Identifier <cat>
    Statements: Naked_Expression_Statement
      Expression: Reference
        Name: Selection
          Prefix: Identifier <c>
          Field: Identifier <meow>
----------------------------------------------------------------------
In test.m, line 3
| c = cat;
|        ^ info: this token is not linked to the ast
In test.m, line 4
| c.meow();
|       ^ info: this token is not linked to the ast
In test.m, line 4
| c.meow();
|        ^ info: this token is not linked to the ast
In test.m, line 4
| c.meow();
|         ^ info: this token is not linked to the ast
MISS_HIT Summary: 1 file(s) analysed, everything seemes fine
