----------------------------------------------------------------------
--  Parse tree for potato.m
Root: Class_File
  Classdef: Class_Definition
    Name: Identifier <potato>
    Properties: Properties Special_Block
      Items: Entity_Constraints
        Name: Identifier <x>
      Items: Entity_Constraints
        Name: Identifier <y>
    Methods: Methods Special_Block
      Items: Function_Definition
        Signature: Function_Signature
          Name: Identifier <foo>
          Inputs: Identifier <self>
          Outputs: Identifier <r>
        Body: Sequence_Of_Statements
          Statements: Simple_Assignment_Statement
            LHS: Identifier <properties>
            RHS: Identifier <x>
          Statements: Simple_Assignment_Statement
            LHS: Identifier <r>
            RHS: Identifier <properties>
      Items: Function_Definition
        Signature: Function_Signature
          Name: Identifier <properties>
          Inputs: Identifier <self>
          Outputs: Identifier <p>
        Body: Sequence_Of_Statements
          Statements: Simple_Assignment_Statement
            LHS: Identifier <p>
            RHS: Number_Literal <123>
----------------------------------------------------------------------
In potato.m, line 7
|   end
|   ^^^ info: this token is not linked to the ast
In potato.m, line 11
|     function r = foo(self)
|                ^ info: this token is not linked to the ast
In potato.m, line 14
|     end
|     ^^^ info: this token is not linked to the ast
In potato.m, line 17
|     function p = properties(self)
|                ^ info: this token is not linked to the ast
In potato.m, line 19
|     end
|     ^^^ info: this token is not linked to the ast
In potato.m, line 20
|   end
|   ^^^ info: this token is not linked to the ast
In potato.m, line 21
| end
| ^^^ info: this token is not linked to the ast
MISS_HIT Summary: 1 file(s) analysed, everything seemes fine
