In test_03.m, line 4
|   properties leek
|              ^^^^ style: end statement with a semicolon
----------------------------------------------------------------------
--  Parse tree for test_03.m
Root: Function_File
  Functions: Function_Definition
    Signature: Function_Signature
      Name: Identifier <test_03>
      Outputs: Identifier <r>
    Body: Sequence_Of_Statements
      Statements: Naked_Expression_Statement
        Expression: Command form Function_Call
          Name: Identifier <properties>
          Arguments: Char_Array_Literal 'leek'
----------------------------------------------------------------------
In test_03.m, line 3
| function r = test_03
|            ^ info: this token is not linked to the ast
In test_03.m, line 5
| end
| ^^^ info: this token is not linked to the ast
MISS_HIT Summary: 1 file(s) analysed, 1 style issue(s)
