In test_08.m, line 10
|   %} potato
| ^^^^^^^^^^^ warning: ignored block comment end: no text must appear around the block comment marker %}
In test_08.m, line 12
|   %} %}
| ^^^^^^^ warning: ignored block comment end: no text must appear around the block comment marker %}
----------------------------------------------------------------------
--  Parse tree for test_08.m
Root: Script_File
  Statements: Sequence_Of_Statements
    Statements: Naked_Expression_Statement
      Expression: Reference
        Name: Identifier <disp>
        Arguments: String_Literal "1"
----------------------------------------------------------------------
MISS_HIT Summary: 1 file(s) analysed, 2 warning(s)
