----------------------------------------------------------------------
--  Parse tree for test_03.m
Root: Function_File
  Functions: Function_Definition
    Signature: Function_Signature
      Name: Identifier <f>
      Outputs: Identifier <x>
      Outputs: Identifier <y>
    Body: Sequence_Of_Statements
      Statements: Naked_Expression_Statement
        Expression: Reference
          Name: Identifier <assert>
          Arguments: Binary_Operation ==
            LHS: Identifier <nargin>
            RHS: Number_Literal <0>
      Statements: Naked_Expression_Statement
        Expression: Reference
          Name: Identifier <assert>
          Arguments: Binary_Operation ==
            LHS: Identifier <nargout>
            RHS: Number_Literal <1>
      Statements: Simple_Assignment_Statement
        LHS: Identifier <x>
        RHS: Number_Literal <2>
  Functions: Function_Definition
    Signature: Function_Signature
      Name: Identifier <test>
    Body: Sequence_Of_Statements
      Statements: Naked_Expression_Statement
        Expression: Reference
          Name: Identifier <assert>
          Arguments: Binary_Operation ==
            LHS: Reference
              Name: Identifier <f>
            RHS: Number_Literal <2>
----------------------------------------------------------------------
In test_03.m, line 5
| function [x, y] = f ()
|          ^ info: this token is not linked to the ast
In test_03.m, line 5
| function [x, y] = f ()
|               ^ info: this token is not linked to the ast
In test_03.m, line 5
| function [x, y] = f ()
|                 ^ info: this token is not linked to the ast
In test_03.m, line 9
| end
| ^^^ info: this token is not linked to the ast
In test_03.m, line 13
| end
| ^^^ info: this token is not linked to the ast
MISS_HIT Summary: 1 file(s) analysed, everything seemes fine
