----------------------------------------------------------------------
--  Parse tree for test_02.m
Root: Script_File
  Statements: Sequence_Of_Statements
    Statements: Naked_Expression_Statement
      Expression: Command form Function_Call
        Name: Identifier <disp>
        Arguments: Char_Array_Literal 'potato'
----------------------------------------------------------------------
MISS_HIT Summary: 1 file(s) analysed, everything seemes fine
