----------------------------------------------------------------------
--  Parse tree for test.m
Root: Script_File
  Statements: Sequence_Of_Statements
    Statements: Simple_Assignment_Statement
      LHS: Identifier <idx>
      RHS: Matrix_Expression
        Rows: Row
          Items: Identifier <true>
        Rows: Row
          Items: Binary_Operation >
            LHS: Reference
              Name: Identifier <diff>
              Arguments: Identifier <id_remove>
            RHS: Number_Literal <1>
----------------------------------------------------------------------
In test.m, line 3
| idx = [true; diff(id_remove) >1];
|            ^ info: this token is not linked to the ast
MISS_HIT Summary: 1 file(s) analysed, everything seemes fine
