----------------------------------------------------------------------
--  Parse tree for test_05.m
Root: Function_File
  Functions: Function_Definition
    Signature: Function_Signature
      Name: Identifier <test_05>
    Body: Sequence_Of_Statements
      Statements: Naked_Expression_Statement
        Expression: Command form Function_Call
          Name: Identifier <cd>
          Arguments: Char_Array_Literal '../foo'
----------------------------------------------------------------------
MISS_HIT Summary: 1 file(s) analysed, everything seemes fine
