----------------------------------------------------------------------
--  Parse tree for potato.m
Root: Function_File
  Functions: Function_Definition
    Signature: Function_Signature
      Name: Identifier <potato>
      Outputs: Identifier <a>
      Outputs: Identifier <b>
    Body: Sequence_Of_Statements
      Statements: Simple_Assignment_Statement
        LHS: Identifier <a>
        RHS: Number_Literal <1>
      Statements: Simple_Assignment_Statement
        LHS: Identifier <b>
        RHS: Number_Literal <2>
----------------------------------------------------------------------
In potato.m, line 3
| function [a, b] = potato()
|          ^ info: this token is not linked to the ast
In potato.m, line 3
| function [a, b] = potato()
|            ^ info: this token is not linked to the ast
In potato.m, line 3
| function [a, b] = potato()
|               ^ info: this token is not linked to the ast
In potato.m, line 3
| function [a, b] = potato()
|                 ^ info: this token is not linked to the ast
In potato.m, line 3
| function [a, b] = potato()
|                         ^ info: this token is not linked to the ast
In potato.m, line 3
| function [a, b] = potato()
|                          ^ info: this token is not linked to the ast
MISS_HIT Summary: 1 file(s) analysed, everything seemes fine
