----------------------------------------------------------------------
--  Parse tree for test_04.m
Root: Function_File
  Functions: Function_Definition
    Signature: Function_Signature
      Name: Identifier <test_04>
    Body: Sequence_Of_Statements
      Statements: Naked_Expression_Statement
        Expression: Identifier <nestedfun1>
      Statements: Naked_Expression_Statement
        Expression: Identifier <nestedfun2>
    Nested: Function_Definition
      Signature: Function_Signature
        Name: Identifier <nestedfun1>
      Body: Sequence_Of_Statements
        Statements: Simple_Assignment_Statement
          LHS: Identifier <x>
          RHS: Number_Literal <1>
    Nested: Function_Definition
      Signature: Function_Signature
        Name: Identifier <nestedfun2>
      Body: Sequence_Of_Statements
        Statements: Simple_Assignment_Statement
          LHS: Identifier <x>
          RHS: Number_Literal <2>
----------------------------------------------------------------------
In test_04.m, line 4
|     nestedfun1;
|               ^ info: this token is not linked to the ast
In test_04.m, line 5
|     nestedfun2;
|               ^ info: this token is not linked to the ast
In test_04.m, line 8
|         x = 1;
|              ^ info: this token is not linked to the ast
In test_04.m, line 9
|     end
|     ^^^ info: this token is not linked to the ast
In test_04.m, line 12
|         x = 2;
|              ^ info: this token is not linked to the ast
In test_04.m, line 13
|     end
|     ^^^ info: this token is not linked to the ast
In test_04.m, line 14
| end
| ^^^ info: this token is not linked to the ast
MISS_HIT Summary: 1 file(s) analysed, everything seemes fine
