test2.slx: info: model contains 2 MATLAB function blocks
test2.slx/My_Sub_System/Potato: info: block contains 3 lines of MATLAB
test2.slx/My_Sub_System/Potato:1: info: function y = fcn(u)
test2.slx/My_Sub_System/Potato:2: info: % This is in the subsystem
test2.slx/My_Sub_System/Potato:3: info: y = u;
test2.slx/Potato: info: block contains 3 lines of MATLAB
test2.slx/Potato:1: info: function y = fcn(u)
test2.slx/Potato:2: info: % This is in test2
test2.slx/Potato:3: info: y = u;
MISS_HIT Debug Summary: 1 file(s) analysed, everything seemes fine
