----------------------------------------------------------------------
--  Parse tree for invalid_03.m
Root: Script_File
  Statements: Sequence_Of_Statements
    Statements: Naked_Expression_Statement
      Expression: Reference
        Name: Identifier <test_30>
        Arguments: Reference
          Name: Identifier <ones>
          Arguments: Number_Literal <2>
          Arguments: Number_Literal <2>
          Arguments: Number_Literal <4>
        Arguments: Number_Literal <144>
----------------------------------------------------------------------
In invalid_03.m, line 3
| test_30(ones(2,2,4),144);
|        ^ info: this token is not linked to the ast
In invalid_03.m, line 3
| test_30(ones(2,2,4),144);
|             ^ info: this token is not linked to the ast
In invalid_03.m, line 3
| test_30(ones(2,2,4),144);
|               ^ info: this token is not linked to the ast
In invalid_03.m, line 3
| test_30(ones(2,2,4),144);
|                 ^ info: this token is not linked to the ast
In invalid_03.m, line 3
| test_30(ones(2,2,4),144);
|                   ^ info: this token is not linked to the ast
In invalid_03.m, line 3
| test_30(ones(2,2,4),144);
|                    ^ info: this token is not linked to the ast
In invalid_03.m, line 3
| test_30(ones(2,2,4),144);
|                        ^ info: this token is not linked to the ast
In invalid_03.m, line 3
| test_30(ones(2,2,4),144);
|                         ^ info: this token is not linked to the ast
MISS_HIT Summary: 1 file(s) analysed, everything seemes fine
