----------------------------------------------------------------------
--  Parse tree for test_01.m
Root: Function_File
  Functions: Function_Definition
    Signature: Function_Signature
      Name: Identifier <test_01>
    Body: Sequence_Of_Statements
      Statements: Naked_Expression_Statement
        Expression: Escape form Function_Call
          Arguments: Char_Array_Literal 'echo foo bar'
----------------------------------------------------------------------
In test_01.m, line 3
| function test_01()
|                 ^ info: this token is not linked to the ast
In test_01.m, line 3
| function test_01()
|                  ^ info: this token is not linked to the ast
In test_01.m, line 5
| end
| ^^^ info: this token is not linked to the ast
MISS_HIT Summary: 1 file(s) analysed, everything seemes fine
